INFO:     Will watch for changes in these directories: ['/app/backend']
INFO:     Uvicorn running on http://127.0.0.1:8000 (Press CTRL+C to quit)
INFO:     Started reloader process [48385] using StatReload
INFO:     Started server process [48389]
INFO:     Waiting for application startup.
INFO:     Application startup complete.
INFO:     127.0.0.1:50902 - "GET /events/ HTTP/1.1" 200 OK
INFO:     127.0.0.1:50902 - "OPTIONS /bookings/ HTTP/1.1" 400 Bad Request
WARNING:  StatReload detected changes in 'main.py'. Reloading...
INFO:     Shutting down
INFO:     Waiting for application shutdown.
INFO:     Application shutdown complete.
INFO:     Finished server process [48389]
INFO:     Started server process [56816]
INFO:     Waiting for application startup.
INFO:     Application startup complete.
INFO:     127.0.0.1:41824 - "GET /events/ HTTP/1.1" 200 OK
WARNING:  StatReload detected changes in 'admin.py'. Reloading...
INFO:     Shutting down
INFO:     Waiting for application shutdown.
INFO:     Application shutdown complete.
INFO:     Finished server process [56816]
INFO:     Started server process [58896]
INFO:     Waiting for application startup.
INFO:     Application startup complete.
